




                       MSC.Patran 27.1.801631 Thu Mar 25 06:46:07 PDT 2021 - Analysis Code: MSC.Nastran 
                                           Load Case: SC1:DEFAULT, A1:Static subcase 
                                            Result Stress Tensor,  - Layer Layer 1 
                                                     Entity: Element Tensor


-Entity ID--El. Pos. ID--X Component---Y Component---XY Component-
    8529           0        44.827625      1.400983    -11.920984
                       MSC.Patran 27.1.801631 Thu Mar 25 06:46:07 PDT 2021 - Analysis Code: MSC.Nastran 
                                           Load Case: SC1:DEFAULT, A1:Static subcase 
                                            Result Stress Tensor,  - Layer Layer 2 
                                                     Entity: Element Tensor


-Entity ID--El. Pos. ID--X Component---Y Component---XY Component-
    8529           0       -84.651985     10.360916     -2.484972
                       MSC.Patran 27.1.801631 Thu Mar 25 06:46:07 PDT 2021 - Analysis Code: MSC.Nastran 
                                           Load Case: SC1:DEFAULT, A1:Static subcase 
                                            Result Stress Tensor,  - Layer Layer 3 
                                                     Entity: Element Tensor


-Entity ID--El. Pos. ID--X Component---Y Component---XY Component-
    8529           0       131.385117     -4.285884      2.508470
                       MSC.Patran 27.1.801631 Thu Mar 25 06:46:07 PDT 2021 - Analysis Code: MSC.Nastran 
                                           Load Case: SC1:DEFAULT, A1:Static subcase 
                                            Result Stress Tensor,  - Layer Layer 4 
                                                     Entity: Element Tensor


-Entity ID--El. Pos. ID--X Component---Y Component---XY Component-
    8529           0         1.362127      4.711173     11.889648
                       MSC.Patran 27.1.801631 Thu Mar 25 06:46:07 PDT 2021 - Analysis Code: MSC.Nastran 
                                           Load Case: SC1:DEFAULT, A1:Static subcase 
                                            Result Stress Tensor,  - Layer Layer 5 
                                                     Entity: Element Tensor


-Entity ID--El. Pos. ID--X Component---Y Component---XY Component-
    8529           0         1.722964      4.800019     11.879203
                       MSC.Patran 27.1.801631 Thu Mar 25 06:46:07 PDT 2021 - Analysis Code: MSC.Nastran 
                                           Load Case: SC1:DEFAULT, A1:Static subcase 
                                            Result Stress Tensor,  - Layer Layer 6 
                                                     Entity: Element Tensor


-Entity ID--El. Pos. ID--X Component---Y Component---XY Component-
    8529           0       132.821960     -4.043557      2.578963
                       MSC.Patran 27.1.801631 Thu Mar 25 06:46:07 PDT 2021 - Analysis Code: MSC.Nastran 
                                           Load Case: SC1:DEFAULT, A1:Static subcase 
                                            Result Stress Tensor,  - Layer Layer 7 
                                                     Entity: Element Tensor


-Entity ID--El. Pos. ID--X Component---Y Component---XY Component-
    8529           0       -81.312042     10.700216     -2.602460
                       MSC.Patran 27.1.801631 Thu Mar 25 06:46:07 PDT 2021 - Analysis Code: MSC.Nastran 
                                           Load Case: SC1:DEFAULT, A1:Static subcase 
                                            Result Stress Tensor,  - Layer Layer 8 
                                                     Entity: Element Tensor


-Entity ID--El. Pos. ID--X Component---Y Component---XY Component-
    8529           0        50.330334      1.819516    -11.847867


                                                      SUMMARY INFORMATION
                                                  _________________________

                                                         Min/Max Values
    -Source ID--Entity ID---Sub ID----X Component--
Min:     2       8529          0       -84.651985
Max:     6       8529          0       132.821960
    -Source ID--Entity ID---Sub ID----Y Component--
Min:     3       8529          0        -4.285884
Max:     7       8529          0        10.700216
    -Source ID--Entity ID---Sub ID----XY Component-
Min:     1       8529          0       -11.920984
Max:     4       8529          0        11.889648


                                                         Result Sources
-Source Id---Loadcase Name---------Subcase Name---------Layer Name----
      1     SC1:DEFAULT           A1:Static subcase    Layer 1            
      2     SC1:DEFAULT           A1:Static subcase    Layer 2            
      3     SC1:DEFAULT           A1:Static subcase    Layer 3            
      4     SC1:DEFAULT           A1:Static subcase    Layer 4            
      5     SC1:DEFAULT           A1:Static subcase    Layer 5            
      6     SC1:DEFAULT           A1:Static subcase    Layer 6            
      7     SC1:DEFAULT           A1:Static subcase    Layer 7            
      8     SC1:DEFAULT           A1:Static subcase    Layer 8            



