$# Creating journal file 
$# C:\Users\User\Desktop\SAA205\ENTREGAS\PROJETO\convergencia_malha\case4.db.j
$# ou at 24-Nov-21 20:24:40
uil_file_rebuild.start("C:\Program Files\MSC.Software\NaPa_SE\20211\Patran" // @
"/template.db","C:\Users\User\Desktop\SAA205\ENTREGAS\PROJETO\convergencia" // @
"_malha\case4.db")
$# Synchronizing the User Data Manager
set_current_dir( "C:\Users\User\Desktop\SAA205\ENTREGAS\PROJETO\convergenc" // @
"ia_malha\case4" )
db_set_pref( 303, 3, 0, FALSE, 0.40000001, "" )
STRING asm_create_patch_xy_created_ids[VIRTUAL]
asm_const_patch_xyz( "1", "<209.6 0 157.2>", "[0 0 0]", "Coord 0",   @
asm_create_patch_xy_created_ids )
$# 1 Patch created: Patch 1
asm_const_patch_xyz( "2", "<209.6 0 157.2>", "[209.6 0 0]", "Coord 0",   @
asm_create_patch_xy_created_ids )
$# 1 Patch created: Patch 2
asm_const_patch_xyz( "3", "<209.6 0 157.2>", "[419.2 0 0]", "Coord 0",   @
asm_create_patch_xy_created_ids )
$# 1 Patch created: Patch 3
asm_const_patch_xyz( "4", "<209.6 0 125.76>", "[0 -314.4 15.72]", "Coord 0",   @
asm_create_patch_xy_created_ids )
$# 1 Patch created: Patch 4
asm_const_patch_xyz( "5", "<209.6 0 125.76>", "[209.6 -314.4 15.72]",   @
"Coord 0", asm_create_patch_xy_created_ids )
$# 1 Patch created: Patch 5
asm_const_patch_xyz( "6", "<209.6 0 125.76>", "[419.2 -314.4 15.72]",   @
"Coord 0", asm_create_patch_xy_created_ids )
$# 1 Patch created: Patch 6
STRING sgm_surface_2curve_created_ids[VIRTUAL]
sgm_const_surface_2curve( "7", "Surface 1.1", "Surface 4.1",   @
sgm_surface_2curve_created_ids )
$# 1 Surface Created: Surface 7
sgm_const_surface_2curve( "8", "Surface 1.4", "Surface 4.4",   @
sgm_surface_2curve_created_ids )
$# 1 Surface Created: Surface 8
sgm_const_surface_2curve( "9", "Surface 1.3", "Surface 4.3",   @
sgm_surface_2curve_created_ids )
$# 1 Surface Created: Surface 9
sgm_const_surface_2curve( "10", "Surface 2.1", "Surface 5.1",   @
sgm_surface_2curve_created_ids )
$# 1 Surface Created: Surface 10
sgm_const_surface_2curve( "11", "Surface 2.3", "Surface 5.3",   @
sgm_surface_2curve_created_ids )
$# 1 Surface Created: Surface 11
sgm_const_surface_2curve( "12", "Surface 3.1", "Surface 6.1",   @
sgm_surface_2curve_created_ids )
$# 1 Surface Created: Surface 12
sgm_const_surface_2curve( "13", "Surface 3.2", "Surface 6.2",   @
sgm_surface_2curve_created_ids )
$# 1 Surface Created: Surface 13
sgm_const_surface_2curve( "14", "Surface 3.3", "Surface 6.3",   @
sgm_surface_2curve_created_ids )
$# 1 Surface Created: Surface 14
ui_exec_function( "mesh_seed_display_mgr", "init" )
mesh_seed_create( "Surface 1.4 1.2 2.2 3.2 4.4 4.2 5.2 6.2 ", 1, 20, 0., 0.,  @
0. )
mesh_seed_create( "Surface 7.3 7.1 8.3 9.3 10.3 11.3 12.3 13.3 1.3 1.1 4.3" // @
" 4.1 2.3 2.1 5.35.1 3.3 3.1 6.3 6.1", 1, 22, 0., 0., 0. )
ga_view_aa_set( -64.534210, 0.959981, 45.872231 )
INTEGER fem_create_mesh_surfa_num_nodes
INTEGER fem_create_mesh_surfa_num_elems
STRING fem_create_mesh_s_nodes_created[VIRTUAL]
STRING fem_create_mesh_s_elems_created[VIRTUAL]
fem_create_mesh_surf_4( "IsoMesh", 49152, "Surface 1:14", 1, ["50.3291"],   @
"Quad4", "#", "#", "Coord 0", "Coord 0", fem_create_mesh_surfa_num_nodes,   @
fem_create_mesh_surfa_num_elems, fem_create_mesh_s_nodes_created,   @
fem_create_mesh_s_elems_created )
$# 483 nodes and 440 elements created for Surface 1.
$# 483 nodes and 440 elements created for Surface 2.
$# 483 nodes and 440 elements created for Surface 3.
$# 483 nodes and 440 elements created for Surface 4.
$# 483 nodes and 440 elements created for Surface 5.
$# 483 nodes and 440 elements created for Surface 6.
$# 529 nodes and 484 elements created for Surface 7.
$# 483 nodes and 440 elements created for Surface 8.
$# 529 nodes and 484 elements created for Surface 9.
$# 529 nodes and 484 elements created for Surface 10.
$# 529 nodes and 484 elements created for Surface 11.
$# 529 nodes and 484 elements created for Surface 12.
$# 483 nodes and 440 elements created for Surface 13.
$# 529 nodes and 484 elements created for Surface 14.
$# === 7038 nodes created.  IDs  = 1:7038.
$# === 6424 elements created.  IDs  = 1:6424.
mesh_seed_display_mgr.erase(  )
REAL fem_equiv_all_x_equivtol_ab
INTEGER fem_equiv_all_x_segment
fem_equiv_all_group5( [" "], 0, "", 1, 1, 0.40000001, FALSE,   @
fem_equiv_all_x_equivtol_ab, fem_equiv_all_x_segment, TRUE )
$# Realigning database with new node numbers...
$# Database realignment completed.
$# Geometric equivalencing completed. 612 nodes deleted.
ga_view_center_set( -262.902466, 76.842712 )
ga_view_zoom_set( 295.450043 )
ga_view_center_set( -192.075867, 65.952354 )
ga_view_zoom_set( 262.622253 )
gm_hilight_clear(  )
gm_hilight_clear(  )
gm_hilight_clear(  )
gm_hilight_clear(  )
gm_hilight_clear(  )
gm_hilight_clear(  )
loadsbcs_create2( "F1", "Force", "Nodal", "", "Static", ["Point 9 12"],   @
"Geometry", "Coord 0", "1.", ["<0 0 47658.63>", "<     >", "<     >",  @
"<     >"],  ["", "", "", ""] )
$# Load/BC set "F1" created.
loadsbcs_create2( "F2", "Force", "Nodal", "", "Static", ["Point 15 16"],   @
"Geometry", "Coord 0", "1.", ["<0 0 15886.2>", "<     >", "<     >", "<     >" @
],  ["", "", "", ""] )
$# Load/BC set "F2" created.
loadsbcs_create2( "F3", "Force", "Nodal", "", "Static", ["Point 9 15"],   @
"Geometry", "Coord 0", "1.", ["<0 -6354.48 0>", "<     >", "<     >",  @
"<     >"] , ["", "", "", ""] )
$# Load/BC set "F3" created.
loadsbcs_create2( "F4", "Force", "Nodal", "", "Static", ["Point 12 16"],   @
"Geometry", "Coord 0", "1.", ["<0 9531.72 0>", "<     >", "<     >", "<     >" @
],  ["", "", "", ""] )
$# Load/BC set "F4" created.
gm_hilight_clear(  )
gm_hilight_clear(  )
gm_hilight_clear(  )
material.create( "Analysis code ID", 1, "Analysis type ID", 1, "Al7475", 0,   @
"Date: 14-Jul-21           Time: 15:08:11", "Isotropic", 1, "Directionality",  @
 1, "Linearity", 1, "Homogeneous", 0, "Linear Elastic", 1,   @
"Model Options & IDs", ["", "", "", "", ""], [0, 0, 0, 0, 0], "Active Flag",   @
1, "Create", 10, "External Flag", FALSE, "Property IDs", ["Elastic Modulus",   @
"Poisson Ratio"], [2, 5, 0], "Property Values", ["68947.57", "0.33", ""] )
material.create( "Analysis code ID", 1, "Analysis type ID", 1, "Al2024", 0,   @
"Date: 14-Jul-21           Time: 15:08:11", "Isotropic", 1, "Directionality",  @
 1, "Linearity", 1, "Homogeneous", 0, "Linear Elastic", 1,   @
"Model Options & IDs", ["", "", "", "", ""], [0, 0, 0, 0, 0], "Active Flag",   @
1, "Create", 10, "External Flag", FALSE, "Property IDs", ["Elastic Modulus",   @
"Poisson Ratio"], [2, 5, 0], "Property Values", ["72394.95", "0.33", ""] )
material.create( "Analysis code ID", 1, "Analysis type ID", 1, "Ply", 0,   @
"Date: 11-Nov-21           Time: 14:03:05", "2d Orthotropic", 5,   @
"Directionality", 4, "Linearity", 1, "Homogeneous", 0, "Linear Elastic", 1,   @
"Model Options & IDs", ["", "", "", "", ""], [0, 0, 0, 0, 0], "Active Flag",   @
1, "Create", 10, "External Flag", FALSE, "Property IDs", ["Elastic Modulus 11" @
 , "Elastic Modulus 22", "Poisson Ratio 12", "Shear Modulus 12",   @
"Shear Modulus 23", "Shear Modulus 13"], [2, 3, 5, 8, 9, 10, 0],   @
"Property Values", ["100000", "10000", "0.34", "5400", "3050", "5400", ""] )
mat_create_lam3( "Laminado", "", 1, ["Ply", "Ply", "Ply", "Ply", "Ply", "Ply", @
  "Ply", "Ply"], [" 1.000000E-01", " 1.000000E-01", " 1.000000E-01",   @
" 1.000000E-01", " 1.000000E-01", " 1.000000E-01", " 1.000000E-01",   @
" 1.000000E-01"], [" 0.000000E+00", " 4.500000E+01", "-4.500000E+01",   @
" 9.000000E+01", " 9.000000E+01", "-4.500000E+01", " 4.500000E+01",   @
" 0.000000E+00"], ["", "", "", "", "", "", "", ""], 8, "", "Create" )
beam_section_create( "Sec1_chapeu", "HAT", ["15.72", "1.048", "15.72", "5.24"] )
$# Beam Section "Sec1_chapeu" created.
beam_section_create( "Sec2_t", "T", ["15.72", "10.48", "1.048", "1.048"] )
$# Beam Section "Sec2_t" created.
gm_hilight_clear(  )
gm_hilight_clear(  )
gm_hilight_clear(  )
gm_hilight_clear(  )
gm_hilight_clear(  )
gm_hilight_clear(  )
elementprops_create( "NERVURAS_SUPERIORES", 11, 2, 42, 1, 1, 20, [39, 13, 6,   @
4042, 4043, 2047, 2048, 1, 10, 11, 4026, 1026, 4044, 4045, 4037, 4047, 4048,   @
4050, 4051, 4053, 4054, 4056, 4057, 8112, 4061, 4303, 8111, 4403, 4404, 4410,  @
 4411, 8200, 8201, 8202], [11, 5, 2, 2, 2, 4, 4, 1, 1, 1, 1, 1, 1, 1, 1, 1, 1, @
  1, 1, 1, 1, 1, 1, 1, 6, 4, 4, 1, 1, 1, 6, 4, 4, 4], ["Sec2_t", "m:Al7475",   @
"<0 0 1>", "<0 0 -3.28>", "<0 0 -3.28>", "", "", "", "", "", "", "", "", "",   @
"", "", "", "", "", "", "", "", "", "", "", "", "", "", "", "", "", "Analysis" @
 , "Analysis", "Analysis"], "Surface 8:13:5.3" )
$# Property Set "NERVURAS_SUPERIORES" created.
uil_toolbar.shaded_smooth(  )
elementprops_delete( ["NERVURAS_SUPERIORES"] )
$# 1 Property Sets deleted.
sandia_utils.delete_n_metadata( 1, ["NERVURAS_SUPERIORES"] )
elementprops_create( "LONGARINAS_SUPERIORES", 11, 2, 42, 1, 1, 20, [39, 13, 6, @
  4042, 4043, 2047, 2048, 1, 10, 11, 4026, 1026, 4044, 4045, 4037, 4047, 4048, @
  4050, 4051, 4053, 4054, 4056, 4057, 8112, 4061, 4303, 8111, 4403, 4404,  @
4410,  4411, 8200, 8201, 8202], [11, 5, 2, 2, 2, 4, 4, 1, 1, 1, 1, 1, 1, 1, 1, @
 1, 1,  1, 1, 1, 1, 1, 1, 1, 6, 4, 4, 1, 1, 1, 6, 4, 4, 4], ["Sec2_t",  @
"m:Al7475",  "< 0 0 1>", "<0 0 -3.28>", "<0 0 -3.28>", "", "", "", "", "", "", @
 "", "", "",  "", "", "", "", "", "", "", "", "", "", "", "", "", "", "", "",  @
"", "", "", "" ], "Surface 8:13:5.3" )
$# Property Set "LONGARINAS_SUPERIORES" created.
elementprops_create( "LONGARINAS_INFERIORES", 11, 2, 42, 1, 1, 20, [39, 13, 6, @
  4042, 4043, 2047, 2048, 1, 10, 11, 4026, 1026, 4044, 4045, 4037, 4047, 4048, @
  4050, 4051, 4053, 4054, 4056, 4057, 8112, 4061, 4303, 8111, 4403, 4404,  @
4410,  4411, 8200, 8201, 8202], [11, 5, 2, 2, 2, 4, 4, 1, 1, 1, 1, 1, 1, 1, 1, @
 1, 1,  1, 1, 1, 1, 1, 1, 1, 6, 4, 4, 1, 1, 1, 6, 4, 4, 4], ["Sec2_t",  @
"m:Al7475",  "< 0 0 -1>", "<0 0 3.28>", "<0 0 3.28>", "", "", "", "", "", "",  @
"", "", "",  "", "", "", "", "", "", "", "", "", "", "", "", "", "", "", "",  @
"", "", "", "" ], "Surface 7.1 12.3" )
$# Property Set "LONGARINAS_INFERIORES" created.
elementprops_create( "NERVURAS_SUPERIORES", 11, 2, 42, 1, 1, 20, [39, 13, 6,   @
4042, 4043, 2047, 2048, 1, 10, 11, 4026, 1026, 4044, 4045, 4037, 4047, 4048,   @
4050, 4051, 4053, 4054, 4056, 4057, 8112, 4061, 4303, 8111, 4403, 4404, 4410,  @
 4411, 8200, 8201, 8202], [11, 5, 2, 2, 2, 4, 4, 1, 1, 1, 1, 1, 1, 1, 1, 1, 1, @
  1, 1, 1, 1, 1, 1, 1, 6, 4, 4, 1, 1, 1, 6, 4, 4, 4], ["Sec2_t", "m:Al7475",   @
"< 0 0 1>", "<0 0 -3.28>", "<0 0 -3.28>", "", "", "", "", "", "", "", "", "",  @
 "", "", "", "", "", "", "", "", "", "", "", "", "", "", "", "", "", "", "",  @
"" ], "Surface 1:6.3" )
$# Property Set "NERVURAS_SUPERIORES" created.
elementprops_create( "NERVURAS_INFERIORES", 11, 2, 42, 1, 1, 20, [39, 13, 6,   @
4042, 4043, 2047, 2048, 1, 10, 11, 4026, 1026, 4044, 4045, 4037, 4047, 4048,   @
4050, 4051, 4053, 4054, 4056, 4057, 8112, 4061, 4303, 8111, 4403, 4404, 4410,  @
 4411, 8200, 8201, 8202], [11, 5, 2, 2, 2, 4, 4, 1, 1, 1, 1, 1, 1, 1, 1, 1, 1, @
  1, 1, 1, 1, 1, 1, 1, 6, 4, 4, 1, 1, 1, 6, 4, 4, 4], ["Sec2_t", "m:Al7475",   @
"< 0 0 -1>", "<0 0 3.28>", "<0 0 3.28>", "", "", "", "", "", "", "", "", "",   @
"", "", "", "", "", "", "", "", "", "", "", "", "", "", "", "", "", "", "", "" @
 ], "Surface 1:6.1" )
$# Property Set "NERVURAS_INFERIORES" created.
elementprops_create( "STRINGERS_INFERIORES", 11, 2, 42, 1, 1, 20, [39, 13, 6,  @
 4042, 4043, 2047, 2048, 1, 10, 11, 4026, 1026, 4044, 4045, 4037, 4047, 4048,  @
 4050, 4051, 4053, 4054, 4056, 4057, 8112, 4061, 4303, 8111, 4403, 4404, 4410, @
  4411, 8200, 8201, 8202], [11, 5, 2, 2, 2, 4, 4, 1, 1, 1, 1, 1, 1, 1, 1, 1,  @
1,  1, 1, 1, 1, 1, 1, 1, 6, 4, 4, 1, 1, 1, 6, 4, 4, 4], ["Sec1_chapeu",  @
"m:Al7475" , "< 0 0 1>", "<0 0 9.06>", "<0 0 9.06>", "", "", "", "", "", "",  @
"", "", "",  "", "", "", "", "", "", "", "", "", "", "", "", "", "", "", "",  @
"", "", "", "" ], "" )
$# Property Set "STRINGERS_INFERIORES" created.
elementprops_create( "STRINGERS_SUPERIORES", 11, 2, 42, 1, 1, 20, [39, 13, 6,  @
 4042, 4043, 2047, 2048, 1, 10, 11, 4026, 1026, 4044, 4045, 4037, 4047, 4048,  @
 4050, 4051, 4053, 4054, 4056, 4057, 8112, 4061, 4303, 8111, 4403, 4404, 4410, @
  4411, 8200, 8201, 8202], [11, 5, 2, 2, 2, 4, 4, 1, 1, 1, 1, 1, 1, 1, 1, 1,  @
1,  1, 1, 1, 1, 1, 1, 1, 6, 4, 4, 1, 1, 1, 6, 4, 4, 4], ["Sec1_chapeu",  @
"m:Al7475" , "< 0 0 -1>", "<0 0 -9.06>", "<0 0 -9.06>", "", "", "", "", "", "" @
, "", "",  "", "", "", "", "", "", "", "", "", "", "", "", "", "", "", "", "", @
 "", "", "" , ""], "Surface 9:11:2.3" )
$# Property Set "STRINGERS_SUPERIORES" created.
elementprops_delete( ["STRINGERS_SUPERIORES"] )
$# 1 Property Sets deleted.
elementprops_create( "REVESTIMENTO", 51, 25, 35, 1, 1, 20, [13, 20, 36, 4037,  @
 4111, 4118, 4119, 8111, 4401, 4402, 4403, 4404, 4405, 4406, 4407, 4408, 4409] @
,  [5, 9, 1, 1, 1, 1, 1, 4, 4, 1, 1, 1, 1, 1, 1, 4, 4], ["m:Al2024", "",  @
"1.572" , "", "", "", "", "", "", "", "", "", "", "", "", "", ""],  @
"Surface 9:11:2.3" )
$# Critical Decision requested from application ELEM_PROPS
$#     The Application Region list contains entities other than elements and 
$# Surfaces.  Ignore and continue?
$? YES 29002018 
$# Property Set "REVESTIMENTO" created.
gm_hilight_clear(  )
gm_hilight_clear(  )
gm_hilight_clear(  )
gm_hilight_clear(  )
gm_hilight_clear(  )
gm_hilight_clear(  )
elementprops_modify( "REVESTIMENTO", "REVESTIMENTO", 51, 25, 35, 1, 1, 20, [  @
13, 20, 36, 4037, 4111, 4118, 4119, 8111, 4401, 4402, 4403, 4404, 4405, 4406,  @
 4407, 4408, 4409], [5, 9, 1, 1, 1, 1, 1, 4, 4, 1, 1, 1, 1, 1, 1, 4, 4], [  @
"m:Al2024", "", "1.5", "", "", "", "", "", "", "", "", "", "", "", "", "",  "" @
], "Surface 1:14" )
$# Property Set "REVESTIMENTO" modified.
elementprops_modify( "STRINGERS_INFERIORES", "STRINGERS_INFERIORES", 11, 2,   @
42, 1, 1, 20, [39, 13, 6, 4042, 4043, 2047, 2048, 1, 10, 11, 4026, 1026, 4044, @
  4045, 4037, 4047, 4048, 4050, 4051, 4053, 4054, 4056, 4057, 8112, 4061,  @
4303,  8111, 4403, 4404, 4410, 4411, 8200, 8201, 8202], [11, 5, 2, 2, 2, 4, 4, @
 1, 1,  1, 1, 1, 1, 1, 1, 1, 1, 1, 1, 1, 1, 1, 1, 1, 6, 4, 4, 1, 1, 1, 6, 4,  @
4, 4], [ "Sec1_chapeu", "m:Al7475", "<0. 0. 1.>", "<0. 0. 9.0600004>",   @
"<0. 0. 9.0600004>", "", "", "", "", "", "", "", "", "", "", "", "", "", "",   @
"", "", "", "", "", "", "", "", "", "", "", "", "Analysis", "Analysis",   @
"Analysis"], "Surface 7:10:3.3" )
$# Property Set "STRINGERS_INFERIORES" modified.
ga_view_center_set( -312.081970, 28.314896 )
ga_view_zoom_set( 332.381287 )
ga_view_center_set( -412.034363, 38.329987 )
ga_view_zoom_set( 373.928955 )
ga_view_center_set( -308.313904, 25.141861 )
ga_view_zoom_set( 332.381287 )
ga_view_center_set( -217.175720, 7.777969 )
ga_view_zoom_set( 295.450043 )
ga_view_center_set( -138.200989, -6.873062 )
ga_view_zoom_set( 262.622253 )
ga_view_center_set( -68.558350, -19.339035 )
ga_view_zoom_set( 233.442001 )
ga_view_center_set( -134.579590, -8.822968 )
ga_view_zoom_set( 262.622253 )
INTEGER fem_create_mesh_curve_num_nodes
INTEGER fem_create_mesh_curve_num_elems
STRING fem_create_mesh_c_nodes_created[VIRTUAL]
STRING fem_create_mesh_c_elems_created[VIRTUAL]
fem_create_mesh_curv_1( "Surface 7:10:3.3", 16384, 31.4793, "Bar2", "#", "#",  @
 "Coord 0", "Coord 0", fem_create_mesh_curve_num_nodes,   @
fem_create_mesh_curve_num_elems, fem_create_mesh_c_nodes_created,   @
fem_create_mesh_c_elems_created )
$# 23 nodes and 22 elements created for Surface 7.3.
$# 23 nodes and 22 elements created for Surface 10.3.
$# === 46 nodes created.  IDs  = 7015:7060.
$# === 44 elements created.  IDs  = 6425:6468.
fem_associate_elems_to_ep( "STRINGERS_INFERIORES",   @
fem_create_mesh_c_elems_created, fem_create_mesh_curve_num_elems )
$# 44 Element(s) associated to the Element Property STRINGERS_INFERIORES.
INTEGER fem_create_mesh_curve_num_nodes
INTEGER fem_create_mesh_curve_num_elems
STRING fem_create_mesh_c_nodes_created[VIRTUAL]
STRING fem_create_mesh_c_elems_created[VIRTUAL]
fem_create_mesh_curv_1( "Surface 9:11:2.3", 16384, 31.4793, "Bar2", "#", "#",  @
 "Coord 0", "Coord 0", fem_create_mesh_curve_num_nodes,   @
fem_create_mesh_curve_num_elems, fem_create_mesh_c_nodes_created,   @
fem_create_mesh_c_elems_created )
$# 23 nodes and 22 elements created for Surface 9.3.
$# 23 nodes and 22 elements created for Surface 11.3.
$# === 46 nodes created.  IDs  = 7061:7106.
$# === 44 elements created.  IDs  = 6469:6512.
fem_create_mesh_curv_1( "Surface 1:6.3", 16384, 20.959999, "Bar2", "#", "#",   @
"Coord 0", "Coord 0", fem_create_mesh_curve_num_nodes,   @
fem_create_mesh_curve_num_elems, fem_create_mesh_c_nodes_created,   @
fem_create_mesh_c_elems_created )
$# 23 nodes and 22 elements created for Surface 1.3.
$# 23 nodes and 22 elements created for Surface 2.3.
$# 23 nodes and 22 elements created for Surface 3.3.
$# 23 nodes and 22 elements created for Surface 4.3.
$# 23 nodes and 22 elements created for Surface 5.3.
$# 23 nodes and 22 elements created for Surface 6.3.
$# === 138 nodes created.  IDs  = 7107:7244.
$# === 132 elements created.  IDs  = 6513:6644.
fem_associate_elems_to_ep( "NERVURAS_SUPERIORES",   @
fem_create_mesh_c_elems_created, fem_create_mesh_curve_num_elems )
$# 132 Element(s) associated to the Element Property NERVURAS_SUPERIORES.
INTEGER fem_create_mesh_curve_num_nodes
INTEGER fem_create_mesh_curve_num_elems
STRING fem_create_mesh_c_nodes_created[VIRTUAL]
STRING fem_create_mesh_c_elems_created[VIRTUAL]
fem_create_mesh_curv_1( "Surface 1:6.1", 16384, 20.959999, "Bar2", "#", "#",   @
"Coord 0", "Coord 0", fem_create_mesh_curve_num_nodes,   @
fem_create_mesh_curve_num_elems, fem_create_mesh_c_nodes_created,   @
fem_create_mesh_c_elems_created )
$# 23 nodes and 22 elements created for Surface 1.1.
$# 23 nodes and 22 elements created for Surface 2.1.
$# 23 nodes and 22 elements created for Surface 3.1.
$# 23 nodes and 22 elements created for Surface 4.1.
$# 23 nodes and 22 elements created for Surface 5.1.
$# 23 nodes and 22 elements created for Surface 6.1.
$# === 138 nodes created.  IDs  = 7245:7382.
$# === 132 elements created.  IDs  = 6645:6776.
fem_associate_elems_to_ep( "NERVURAS_INFERIORES",   @
fem_create_mesh_c_elems_created, fem_create_mesh_curve_num_elems )
$# 132 Element(s) associated to the Element Property NERVURAS_INFERIORES.
INTEGER fem_create_mesh_curve_num_nodes
INTEGER fem_create_mesh_curve_num_elems
STRING fem_create_mesh_c_nodes_created[VIRTUAL]
STRING fem_create_mesh_c_elems_created[VIRTUAL]
fem_create_mesh_curv_1( "Surface 8:13:5.3", 16384, 31.4793, "Bar2", "#", "#",  @
 "Coord 0", "Coord 0", fem_create_mesh_curve_num_nodes,   @
fem_create_mesh_curve_num_elems, fem_create_mesh_c_nodes_created,   @
fem_create_mesh_c_elems_created )
$# 23 nodes and 22 elements created for Surface 8.3.
$# 23 nodes and 22 elements created for Surface 13.3.
$# === 46 nodes created.  IDs  = 7383:7428.
$# === 44 elements created.  IDs  = 6777:6820.
fem_associate_elems_to_ep( "LONGARINAS_SUPERIORES",   @
fem_create_mesh_c_elems_created, fem_create_mesh_curve_num_elems )
$# 44 Element(s) associated to the Element Property LONGARINAS_SUPERIORES.
INTEGER fem_create_mesh_curve_num_nodes
INTEGER fem_create_mesh_curve_num_elems
STRING fem_create_mesh_c_nodes_created[VIRTUAL]
STRING fem_create_mesh_c_elems_created[VIRTUAL]
fem_create_mesh_curv_1( "Surface 7.1 12.3", 16384, 31.4793, "Bar2", "#", "#",  @
 "Coord 0", "Coord 0", fem_create_mesh_curve_num_nodes,   @
fem_create_mesh_curve_num_elems, fem_create_mesh_c_nodes_created,   @
fem_create_mesh_c_elems_created )
$# 23 nodes and 22 elements created for Surface 7.1.
$# 23 nodes and 22 elements created for Surface 12.3.
$# === 46 nodes created.  IDs  = 7429:7474.
$# === 44 elements created.  IDs  = 6821:6864.
fem_associate_elems_to_ep( "LONGARINAS_INFERIORES",   @
fem_create_mesh_c_elems_created, fem_create_mesh_curve_num_elems )
$# 44 Element(s) associated to the Element Property LONGARINAS_INFERIORES.
mesh_seed_display_mgr.erase(  )
REAL fem_equiv_all_x_equivtol_ab
fem_equiv_all_group5( [" "], 0, "", 1, 1, 0.40000001, FALSE,   @
fem_equiv_all_x_equivtol_ab, fem_equiv_all_x_segment, TRUE )
$# Realigning database with new node numbers...
$# Database realignment completed.
$# Geometric equivalencing completed. 460 nodes deleted.
elementprops_modify( "REVESTIMENTO", "REVESTIMENTO", 51, 25, 35, 1, 1, 20, [  @
13, 20, 36, 4037, 4111, 4118, 4119, 8111, 4401, 4402, 4403, 4404, 4405, 4406,  @
 4407, 4408, 4409], [5, 9, 1, 1, 1, 1, 1, 4, 4, 1, 1, 1, 1, 1, 1, 4, 4], [  @
"m:Al2024", "", "1.572", "", "", "", "", "", "", "", "", "", "", "", "", "",   @
""], "Surface 1:8 10 12 13" )
$# Property Set "REVESTIMENTO" modified.
elementprops_create( "COMPOSITO", 51, 25, 35, 1, 3, 20, [13, 20, 4037, 4111,   @
4265, 1005, 5, 8111, 4213], [5, 9, 1, 1, 1, 1, 1, 4, 4], ["m:Laminado", "", "" @
 , "", "", "", "", "", ""], "Surface 9 11 14" )
$# Property Set "COMPOSITO" created.
uil_primary_file.db_save(  )
gm_hilight_clear(  )
gm_hilight_clear(  )
gm_hilight_clear(  )
sys_poll_option( 2 )
pref_fa_set( [FALSE, FALSE, FALSE, FALSE, FALSE, FALSE, FALSE, FALSE, FALSE,   @
FALSE, FALSE, FALSE, FALSE, FALSE, FALSE, FALSE, FALSE, FALSE, FALSE, FALSE,   @
FALSE, FALSE, FALSE, FALSE, FALSE, FALSE, FALSE, FALSE, FALSE, FALSE, FALSE,   @
FALSE, FALSE, FALSE, FALSE, FALSE, FALSE, FALSE, FALSE, FALSE, FALSE, FALSE,   @
FALSE, FALSE, FALSE, FALSE, FALSE, FALSE, FALSE, FALSE, FALSE, FALSE, FALSE,   @
FALSE, FALSE, FALSE, FALSE, FALSE, FALSE, FALSE, FALSE, FALSE, FALSE, FALSE,   @
FALSE, FALSE, FALSE, FALSE, FALSE, FALSE, FALSE, FALSE, FALSE, FALSE, FALSE,   @
FALSE, FALSE, FALSE, FALSE, FALSE, FALSE, FALSE, FALSE, FALSE, FALSE, FALSE,   @
FALSE, FALSE, FALSE, FALSE, FALSE, FALSE, FALSE, FALSE, FALSE, FALSE, FALSE,   @
FALSE, FALSE, FALSE, FALSE], [6, 3, 1, 1, 5, 7, 2, 2, 8, 11, 2, 3, 3, 5, 2, 1, @
  3, 6, 5, 5, 3, 2, 2, 2, 2, 2, 6, 6, 6, 9, 9, 3, 5, 5, 5, 1, 3, 3, 15, 13], [ @
 TRUE, TRUE, TRUE, TRUE, TRUE, TRUE, TRUE, TRUE, TRUE, TRUE, TRUE, TRUE, TRUE, @
  TRUE, TRUE, TRUE, TRUE, TRUE, TRUE, TRUE, TRUE, TRUE, TRUE, TRUE, TRUE,  @
TRUE,  TRUE, TRUE, TRUE, TRUE, TRUE, TRUE, TRUE, TRUE, TRUE, TRUE, TRUE, TRUE, @
 TRUE,  TRUE], [3, 4, 5, 6, 1, 1, 7, 8, 9, 10], [TRUE, TRUE, TRUE, TRUE, TRUE, @
 TRUE,  TRUE, TRUE, TRUE, TRUE], FALSE )
display_fa_vectors( TRUE )
result_label_format_set( 1, 4 )
gm_elem_prop_init_list(  )
ga_display_offsets_set( "general", 1 )
ga_display_beam_set( "general", 6 )
ga_display_pin_dof_set( "general", 1 )
ga_display_spring_dof_set( "general", 1 )
sys_poll_option( 0 )
gm_hilight_clear(  )
gm_hilight_clear(  )
gm_hilight_clear(  )
loadsbcs_create2( "ENGASTE", "Displacement", "Nodal", "", "Static", [ @
"Surface 1:2.1.2 3.2 1:2.2.2 1.4"], "Geometry", "Coord 0", "1.", [ @
"<0., 0., 0.>", "<0., 0., 0.>", "", ""], ["", "", "", ""] )
$# Load/BC set "ENGASTE" created.
mscnastran_subcase.create( "101", "Default", "This is a default subcase." )
mscnastran_subcase.create_char_param( "LOAD CASE", "Default" )
mscnastran_subcase.create_char_param( "SUBCASE TITLE",   @
"This is a default subcase." )
mscnastran_subcase.create_char_param( "SUBCASE SUBTITLE", "Default" )
mscnastran_subcase.create_char_param( "SUBCASE LABEL",   @
"This load case is the default load case that always appears" )
mscnastran_subcase.create_char_param( "SUBCASE TITLE FLAG", "OFF" )
mscnastran_subcase.create_char_param( "SUBCASE SUBTITLE FLAG", "ON" )
mscnastran_subcase.create_char_param( "SUBCASE LABEL FLAG", "OFF" )
mscnastran_subcase.create_char_param( "Default", "STRUCTURAL" )
mscnastran_subcase.create_char_param( "DISPLACEMENTS", "1" )
mscnastran_subcase.create_char_param( "DISPLACEMENTS 1",   @
"DISPLACEMENT(SORT1,REAL)=0" )
mscnastran_subcase.create_char_param( "ELEMENT STRESSES", "1" )
mscnastran_subcase.create_char_param( "ELEMENT STRESSES 1",   @
"STRESS(SORT1,REAL,VONMISES,BILIN)=0;PARAM,NOCOMPS,1" )
mscnastran_subcase.create_char_param( "CONSTRAINT FORCES", "1" )
mscnastran_subcase.create_char_param( "CONSTRAINT FORCES 1",   @
"SPCFORCES(SORT1,REAL)=0" )
mscnastran_subcase.create_char_param( "APPLIED LOADS", "1" )
mscnastran_subcase.create_char_param( "APPLIED LOADS 1", "OLOAD(SORT1,REAL)=0" )
mscnastran_subcase.create_char_param( "ELEMENT STRAINS", "1" )
mscnastran_subcase.create_char_param( "ELEMENT STRAINS 1",   @
"STRAIN(SORT1,REAL,VONMISES,STRCUR,BILIN)=0" )
mscnastran_subcase.create_char_param( "SUBCASE WRITE", "ON" )
mscnastran_subcase.create_char_param( "SUBCASE DIRECT TEXT POS", "OFF" )
mscnastran_subcase.create_int_param( "SUBCASE INPUT 0", 0 )
mscnastran_subcase.create_char_param( "INCREMENT TYPE CODE SOL 101",   @
"LCNTSTAT" )
mscnastran_subcase.create_char_param( "INCREMENT TYPE SOL 101",   @
"Linear Contact (LCNT)" )
mscnastran_subcase.create_char_param( "ANALYSIS PREFERENCE CTRLDEF SOL 101",   @
"Default (Blank)" )
mscnastran_subcase.create_char_param( "PERFORM ERROR ANALYSIS", "ON" )
mscnastran_subcase.create_char_param( "ROTOR DYNAMICS", "" )
mscnastran_subcase.create_char_param( "ALL EXPLICIT MPCS", "ON" )
uil_primary_file.db_save(  )
$
$# Session file stopped playing (level 1)
$#  Beginning analysis of  case4
jobfile.open( "case4", "ANALYZE NO JOBFILE" )
msc_delete_old_files( "case4", ".bdf", ".h5" )
jobfile.write_spl( "/* Jobfile for PATNAS created %A% at %A% */", ["24-Nov-21" @
, "20:24:51"] )
jobfile.writec( "", "TRANSLATOR = pat3nas" )
jobfile.writec( "DATABASE", "C:\Users\User\Desktop\SAA205\ENTREGAS\PROJETO" // @
"\convergencia_malha\case4.db" )
jobfile.writec( "JOBNAME", "case4" )
jobfile.writec( "ANALYSIS TITLE", "MSC.Nastran job created on 24-Nov-21 at" // @
" 20:24:48" )
jobfile.writec( "ANALYSIS SUBTITLE", "" )
jobfile.writec( "ANALYSIS LABEL", "" )
jobfile.writec( "", "" )
jobfile.writec( "OBJECT", "Entire Model" )
jobfile.writec( "METHOD", "Full Run" )
jobfile.writec( "", "" )
jobfile.writec( "MODEL SUFFIX", ".bdf" )
jobfile.writec( "RESULTS SUFFIX", ".h5" )
jobfile.writec( "", "" )
jobfile.writec( "", "/*" )
jobfile.writec( "", " * File Search Path Declaration" )
jobfile.writec( "", " */" )
jobfile.writec( "", "" )
jobfile.writec( "File Search Path", "C:\Users\User" )
jobfile.writec( "File Search Path", "C:\Program Files\MSC.Software\NaPa_SE" // @
"\20211\Patran" )
jobfile.writec( "File Search Path", "C:\Program Files\MSC.Software\NaPa_SE" // @
"\20211\Patran\helpfiles" )
jobfile.writec( "File Search Path", "C:\Program Files\MSC.Software\NaPa_SE" // @
"\20211\Patran\alters" )
jobfile.writec( "File Search Path", "C:\Program Files\MSC.Software\NaPa_SE" // @
"\20211\Patran\icons" )
jobfile.writec( "File Search Path", "C:\Program Files\MSC.Software\NaPa_SE" // @
"\20211\Patran\icons\RibbonIcons" )
jobfile.writec( "File Search Path", "C:\Program Files\MSC.Software\NaPa_SE" // @
"\20211\Patran\bin" )
jobfile.writec( "File Search Path", "C:\Program Files\MSC.Software\NaPa_SE" // @
"\20211\Patran\bin\exe" )
jobfile.writec( "File Search Path", "C:\Program Files\MSC.Software\NaPa_SE" // @
"\20211\Patran\mscexplore_files\" )
jobfile.writec( "File Search Path", "C:\Program Files\MSC.Software\NaPa_SE" // @
"\20211\Patran\mscprocor_files\dmap" )
jobfile.writec( "File Search Path", "C:\Program Files\MSC.Software\NaPa_SE" // @
"\20211\Patran\mscprocor_files\plb" )
jobfile.writec( "File Search Path", "C:\Program Files\MSC.Software\NaPa_SE" // @
"\20211\Patran\mscprocor_files\lib" )
jobfile.writec( "File Search Path", "C:\Program Files\MSC.Software\NaPa_SE" // @
"\20211\Patran\mscprocor_files\icons" )
jobfile.writec( "File Search Path", "C:\Program Files\MSC.Software\NaPa_SE" // @
"\20211\Patran\shareware\msc\unsupported\utilities\icons" )
jobfile.writec( "File Search Path", "C:\Program Files\MSC.Software\NaPa_SE" // @
"\20211\Patran\shareware\msc\unsupported\utilities\plb" )
jobfile.writec( "File Search Path", "C:\Program Files\MSC.Software\NaPa_SE" // @
"\20211\Patran\shareware\msc\unsupported\utilities\extra_files" )
jobfile.writec( "", "" )
jobfile.writec( "", "/*" )
jobfile.writec( "", " * Translation Parameters" )
jobfile.writec( "", " */" )
jobfile.writec( "", "" )
jobfile.writec( "DATA OUTPUT", "HDF5+PRINT" )
jobfile.writec( "OUTPUT2 REQUESTS", "P3 Built In" )
jobfile.writec( "OUTPUT2 FORMAT", "Binary" )
jobfile.writec( "DIVISION TOLERANCE", "1.0e-08" )
jobfile.writec( "NUMERICAL TOLERANCE", "1.0e-04" )
jobfile.writec( "WRITING TOLERANCE", "1.0e-21" )
jobfile.writec( "GEOM CHECK", "INFORM" )
jobfile.writec( "SORTED BULK", "NO" )
jobfile.writec( "CARD FORMAT", "either" )
jobfile.writec( "NODE COORDINATES", "reference frame" )
jobfile.writec( "COORD COORDINATES", "global" )
jobfile.writec( "MSC.Nastran VERSION", "2021." )
jobfile.writec( "WRITE STORED PRECISION", "TRUE" )
jobfile.writec( "WRITE IN FREE FORMAT", "FALSE" )
jobfile.writec( "PROPS ON ELEM ENTRY", "FALSE" )
jobfile.writec( "CONTINUATION ENTRY", "FALSE" )
jobfile.writec( "PCOMPG ENTRY", "TRUE" )
jobfile.writec( "CONVERT CBAR CBEAM", "FALSE" )
jobfile.writec( "ITERATIVE SOLVER", "FALSE" )
jobfile.writei( "SUPER ELEMENT 0", 0 )
jobfile.writec( "SEALL WRITE", "FALSE" )
jobfile.writec( "PART SUPERELEMENT CREATE", "TRUE" )
jobfile.writec( "AUTOQSET", "FALSE" )
jobfile.writec( "FIXEDB", "FALSE" )
jobfile.writei( "SUPER TREE COUNT", 0 )
jobfile.writec( "MODEL TOLERANCE", "0.40000001" )
jobfile.writec( "ELEMENT PROPERTY OFFSET", "0" )
jobfile.writec( "MATERIAL PROPERTY OFFSET", "0" )
jobfile.writec( "TABLE OFFSET", "0" )
jobfile.writec( "LOAD SET OFFSET", "0" )
jobfile.writec( "LOAD CASE OFFSET", "0" )
jobfile.writec( "CONTROL SET OFFSET", "0" )
jobfile.writec( "RIGID ELEMENT OFFSET", "0" )
jobfile.writec( "SCALAR POINT OFFSET", "0" )
jobfile.writec( "BEGINNING CONTINUATION MARKER", "+      A" )
jobfile.writec( "NUMBER ONLY", "ON" )
jobfile.writec( "BEGINNING NUMBER", "OFF" )
jobfile.writec( "TRAILING NUMBER", "OFF" )
jobfile.writec( "SYNTAX NUMBER", "ON" )
jobfile.writec( "SYNTAX MARKER", "." )
jobfile.writec( "EXTERNAL SUPERELEMENT METHOD", "NONE" )
jobfile.writec( "GRID COORDINATES ROUNDING", "15" )
jobfile.writec( "COORD DATA PRECISION ROUNDING", "15" )
jobfile.writec( "MPC DATA PRECISION ROUNDING", "15" )
jobfile.writec( "LBC DATA PRECISION ROUNDING", "7" )
jobfile.writec( "MAT DATA PRECISION ROUNDING", "15" )
jobfile.writec( "PROP DATA PRECISION ROUNDING", "7" )
jobfile.writec( "USE LEGACY PRECISION", "FALSE" )
jobfile.writec( "EXPONENTIAL WRITE", "As Needed" )
jobfile.writec( "EXPONENTIAL FORM", "Condensed" )
jobfile.writec( "", "" )
jobfile.writec( "", "/*" )
jobfile.writec( "", " * Solution Parameters" )
jobfile.writec( "", " */" )
jobfile.writec( "", "" )
jobfile.writec( "SOLUTION TYPE", "LINEAR STATIC" )
jobfile.writei( "SOLUTION SEQUENCE", 101 )
jobfile.writec( "DATABASE RUN", "ON" )
jobfile.writec( "CYCLIC SYMMETRY", "OFF" )
jobfile.writec( "AUTOMATIC CONSTRAINTS", "ON" )
jobfile.writec( "INERTIA RELIEF", "OFF" )
jobfile.writec( "ALTERNATE REDUCTION", "OFF" )
jobfile.writec( "SHELL NORMAL TOLERANCE", "" )
jobfile.writec( "MASS CALCULATION", "Lumped" )
jobfile.writec( "DATA DECK ECHO", "None" )
jobfile.writec( "PLATE RZ STIFFNESS FACTOR", "100.0" )
jobfile.writec( "MAXIMUM PRINTED LINES", "" )
jobfile.writec( "MAXIMUM RUN TIME", "" )
jobfile.writec( "WT-MASS CONVERSION", "1.0" )
jobfile.writec( "NODE ID FOR WT-GENER", "" )
jobfile.writec( "RIGID ELEMENT TYPE", "LINEAR" )
jobfile.writec( "USE SOL600", "OFF" )
jobfile.writei( "CONTACT-SEGMENT-CONTROL METHOD", 0 )
jobfile.writei( "CONTACT-DEFORMABLE-DEFORMABLE METHOD", 0 )
jobfile.writec( "CONTACT CHECK", "OFF" )
jobfile.writei( "CONTACT-CRITERION", 0 )
jobfile.writei( "CONTACT-DERIVATION", 0 )
jobfile.writei( "CONTACT-REL_ABS", 0 )
jobfile.writec( "USE SOL700", "OFF" )
jobfile.writec( "SN MEAN STRESS CORRECTION", "NONE" )
jobfile.writec( "NEF FATIGUE STRESS OUTPUT", "NONE" )
jobfile.writec( "NEF STRESS UNITS", "MPA" )
jobfile.writec( "NEF STRESS COMBINATION", "ABSMAXPR" )
jobfile.writec( "NEF RESULT LOCATION", "NODA" )
jobfile.writec( "NEF RECOVERY LOCATION", "CORNER" )
jobfile.writec( "NEF LAYER LOCATION", "WORST" )
jobfile.writec( "NEF INTERPOLATION LIMIT", "0" )
jobfile.writec( "NEF LEVEL OF MESSAGE", "0" )
jobfile.writec( "NEF NUMBER OF THREADS", "1" )
jobfile.writer( "NEF CERTAINTY OF SURVIVAL", 50. )
jobfile.writer( "NEF OVERALL SCALE FACTOR", 1. )
jobfile.writer( "NEF TOP STRESS PERCENTAGE FILTER", 100. )
jobfile.writer( "NEF TOP DAMAGE PERCENTAGE FILTER", 100. )
jobfile.writec( "NEF TIME HISTORY DIRECTORY", "C:\Users\User" )
jobfile.writei( "NEF MAX LOAD PER EVENT", 1 )
jobfile.writec( "NEF EVENT DATA", "0" )
jobfile.writec( "NEF LOAD SEQUENCE DATA", "0" )
jobfile.writec( "USE CONTACT TABLE", "OFF" )
jobfile.writec( "INITIAL CONTACTPAIR LOADCASE NAME", "" )
jobfile.writei( "MDOF DATA", 0 )
jobfile.writec( "CELL WRITE", "ON" )
jobfile.writei( "CELL INPUT 0", 0 )
jobfile.writec( "FMS WRITE", "ON" )
jobfile.writei( "FMS INPUT 0", 0 )
jobfile.writec( "EXEC WRITE", "ON" )
jobfile.writei( "EXEC INPUT 0", 0 )
jobfile.writec( "CASE WRITE", "ON" )
jobfile.writei( "CASE INPUT 0", 0 )
jobfile.writec( "BULK WRITE", "ON" )
jobfile.writei( "BULK INPUT 0", 0 )
jobfile.writec( "CELL DTI POSITION", "START" )
jobfile.writec( "FMS DTI POSITION", "START" )
jobfile.writec( "EXEC DTI POSITION", "START" )
jobfile.writec( "CASE DTI POSITION", "START" )
jobfile.writec( "BULK DTI POSITION", "START" )
jobfile.writec( "", "END" )
jobfile.close(  )
mscnastran_job.associate_subcases( "101", "case4", 1, ["Default"] )
analysis_submit_2( "MSC.Nastran", "case4" )
$# Warning reported from application APP INTERFACES
$#     No properties have been defined for the element with ID 6469.
$# Warning reported from application APP INTERFACES
$#     No properties have been defined for the element with ID 6470.
$# Warning reported from application APP INTERFACES
$#     No properties have been defined for the element with ID 6471.
$# Warning reported from application APP INTERFACES
$#     No properties have been defined for the element with ID 6472.
$# Warning reported from application APP INTERFACES
$#     No properties have been defined for the element with ID 6473.
$# Warning reported from application APP INTERFACES
$#     No properties have been defined for the element with ID 6474.
$# Warning reported from application APP INTERFACES
$#     No properties have been defined for the element with ID 6475.
$# Warning reported from application APP INTERFACES
$#     No properties have been defined for the element with ID 6476.
$# Warning reported from application APP INTERFACES
$#     No properties have been defined for the element with ID 6477.
$# Warning reported from application APP INTERFACES
$#     No properties have been defined for the element with ID 6478.
$# Warning reported from application APP INTERFACES
$#     No properties have been defined for the element with ID 6479.
$# Warning reported from application APP INTERFACES
$#     No properties have been defined for the element with ID 6480.
$# Warning reported from application APP INTERFACES
$#     No properties have been defined for the element with ID 6481.
$# Warning reported from application APP INTERFACES
$#     No properties have been defined for the element with ID 6482.
$# Warning reported from application APP INTERFACES
$#     No properties have been defined for the element with ID 6483.
$# Warning reported from application APP INTERFACES
$#     No properties have been defined for the element with ID 6484.
$# Warning reported from application APP INTERFACES
$#     No properties have been defined for the element with ID 6485.
$# Warning reported from application APP INTERFACES
$#     No properties have been defined for the element with ID 6486.
$# Warning reported from application APP INTERFACES
$#     No properties have been defined for the element with ID 6487.
$# Warning reported from application APP INTERFACES
$#     No properties have been defined for the element with ID 6488.
$# Warning reported from application APP INTERFACES
$#     No properties have been defined for the element with ID 6489.
$# Warning reported from application APP INTERFACES
$#     No properties have been defined for the element with ID 6490.
$# Warning reported from application APP INTERFACES
$#     No properties have been defined for the element with ID 6491.
$# Warning reported from application APP INTERFACES
$#     No properties have been defined for the element with ID 6492.
$# Warning reported from application APP INTERFACES
$#     No properties have been defined for the element with ID 6493.
$# Question from application APP INTERFACES
$#     Some elements in the model have no types or properties defined. Do you 
$# wish to continue with the translation?
$? YES 6018002 
$# Patran 2021.1  (Student Edition) has obtained 0 concurrent license(s) from 
$# FLEXlm per a request to execute on Windows node DESKTOP-HH2QMJP(
$# 5cc9d3a28abf) (Windows 6.2 (Build 9200: Service Pack 0)) at 24-Nov-21 
$# 20:24:53.
$# 
$# Reading model information from the specified database, 
$# C:\Users\User\Desktop\SAA205\ENTREGAS\PROJETO\convergencia_malha\case4.db.
$# Messages output from the Patran 2021.1  (Student Edition) input deck 
$# translator on November  24, 2021 at 20:24:53.
$# 
$# The NASTRAN input file, case4.bdf, has been successfully opened.
$# Warning reported from application APP INTERFACES
$#     No element properties have been assigned to the element with id = 6469.
$# Warning reported from application APP INTERFACES
$#     No element properties have been assigned to the element with id = 6470.
$# Warning reported from application APP INTERFACES
$#     No element properties have been assigned to the element with id = 6471.
$# Warning reported from application APP INTERFACES
$#     No element properties have been assigned to the element with id = 6472.
$# Warning reported from application APP INTERFACES
$#     No element properties have been assigned to the element with id = 6473.
$# Warning reported from application APP INTERFACES
$#     No element properties have been assigned to the element with id = 6474.
$# Warning reported from application APP INTERFACES
$#     No element properties have been assigned to the element with id = 6475.
$# Warning reported from application APP INTERFACES
$#     No element properties have been assigned to the element with id = 6476.
$# Warning reported from application APP INTERFACES
$#     No element properties have been assigned to the element with id = 6477.
$# Warning reported from application APP INTERFACES
$#     No element properties have been assigned to the element with id = 6478.
$# Warning reported from application APP INTERFACES
$#     No element properties have been assigned to the element with id = 6479.
$# Warning reported from application APP INTERFACES
$#     No element properties have been assigned to the element with id = 6480.
$# Warning reported from application APP INTERFACES
$#     No element properties have been assigned to the element with id = 6481.
$# Warning reported from application APP INTERFACES
$#     No element properties have been assigned to the element with id = 6482.
$# Warning reported from application APP INTERFACES
$#     No element properties have been assigned to the element with id = 6483.
$# Warning reported from application APP INTERFACES
$#     No element properties have been assigned to the element with id = 6484.
$# Warning reported from application APP INTERFACES
$#     No element properties have been assigned to the element with id = 6485.
$# Warning reported from application APP INTERFACES
$#     No element properties have been assigned to the element with id = 6486.
$# Warning reported from application APP INTERFACES
$#     No element properties have been assigned to the element with id = 6487.
$# Warning reported from application APP INTERFACES
$#     No element properties have been assigned to the element with id = 6488.
$# Warning reported from application APP INTERFACES
$#     No element properties have been assigned to the element with id = 6489.
$# Warning reported from application APP INTERFACES
$#     No element properties have been assigned to the element with id = 6490.
$# Warning reported from application APP INTERFACES
$#     No element properties have been assigned to the element with id = 6491.
$# Warning reported from application APP INTERFACES
$#     No element properties have been assigned to the element with id = 6492.
$# Warning reported from application APP INTERFACES
$#     No element properties have been assigned to the element with id = 6493.
$# Warning reported from application APP INTERFACES
$#     No element properties have been assigned to the element with id = 6494.
$# Warning reported from application APP INTERFACES
$#     No element properties have been assigned to the element with id = 6495.
$# Warning reported from application APP INTERFACES
$#     No element properties have been assigned to the element with id = 6496.
$# Warning reported from application APP INTERFACES
$#     No element properties have been assigned to the element with id = 6497.
$# Warning reported from application APP INTERFACES
$#     No element properties have been assigned to the element with id = 6498.
$# Warning reported from application APP INTERFACES
$#     No element properties have been assigned to the element with id = 6499.
$# Warning reported from application APP INTERFACES
$#     No element properties have been assigned to the element with id = 6500.
$# Warning reported from application APP INTERFACES
$#     No element properties have been assigned to the element with id = 6501.
$# Warning reported from application APP INTERFACES
$#     No element properties have been assigned to the element with id = 6502.
$# Warning reported from application APP INTERFACES
$#     No element properties have been assigned to the element with id = 6503.
$# Warning reported from application APP INTERFACES
$#     No element properties have been assigned to the element with id = 6504.
$# Warning reported from application APP INTERFACES
$#     No element properties have been assigned to the element with id = 6505.
$# Warning reported from application APP INTERFACES
$#     No element properties have been assigned to the element with id = 6506.
$# Warning reported from application APP INTERFACES
$#     No element properties have been assigned to the element with id = 6507.
$# Warning reported from application APP INTERFACES
$#     No element properties have been assigned to the element with id = 6508.
$# Warning reported from application APP INTERFACES
$#     No element properties have been assigned to the element with id = 6509.
$# Warning reported from application APP INTERFACES
$#     No element properties have been assigned to the element with id = 6510.
$# Warning reported from application APP INTERFACES
$#     No element properties have been assigned to the element with id = 6511.
$# Warning reported from application APP INTERFACES
$#     No element properties have been assigned to the element with id = 6512.
$# Warning reported from application APP INTERFACES
$#     
$# The elements listed above which have no assigned element property region 
$# will not be translated due to the fact that the desired element type is 
$# unspecified.
$# 
$# Translating 44 elements from the element property region 
$# LONGARINAS_SUPERIORES.
$# 
$# Translating 44 elements from the element property region 
$# LONGARINAS_INFERIORES.
$# 
$# Translating 132 elements from the element property region 
$# NERVURAS_SUPERIORES.
$# 
$# Translating 132 elements from the element property region 
$# NERVURAS_INFERIORES.
$# 
$# Translating 44 elements from the element property region 
$# STRINGERS_INFERIORES.
$# 
$# Translating 4972 elements from the element property region REVESTIMENTO.
$# 
$# Translating 1452 elements from the element property region COMPOSITO.
$# 
$# 7 property regions translated.
$# 
$# Translating 3 referenced material records.
$# 
$# Translating 6426 nodes from the entire model.
$# 
$# Writing loads for Load Case : Default.
$# 
$# Translating nodal constraints in load set : ENGASTE.
$# Writing interface element lbcs.
$# 
$# Translating nodal forces in load set : F1.
$# 
$# Translating nodal forces in load set : F2.
$# 
$# Translating nodal forces in load set : F3.
$# 
$# Translating nodal forces in load set : F4.
$# Total execution time in real seconds: 0.01
$# Total execution time in CPU seconds: 0.735046
$# 
$# End of NASTRAN input file translation.
$# Student Edition Patran Nastran Preference Patran 2021.1  (Student Edition) 
$# has released 0 license(s) to FLEXlm at 24-Nov-21 20:24:53.
$# The translation has completed successfully.
$# Executing /bin/sh -c C:\Program 
$# Files\MSC.Software\NaPa_SE\20211\Patran\bin\MscN
$# astranExecute.exe -j case4 -m bdf -x 2021 -c %%prog=edu%auth=edu%arch=64% -v
msc_dra_init_stream(  )
msc_dra_add_param( "DATABASE", "C:\Users\User\Desktop\SAA205\ENTREGAS\PROJ" // @
"ETO\convergencia_malha\case4.db" )
msc_dra_add_param( "JOBNAME", "case4" )
msc_dra_add_param( "RESULTS FILE", "./case4.h5" )
msc_dra_add_param( "OBJECT", "Result Entities" )
msc_dra_add_param( "ANALYSIS TYPE", "Structural" )
msc_dra_add_param( "DIVISION TOLERANCE", "1.0E-8" )
msc_dra_add_param( "NUMERICAL TOLERANCE", "1.0E-4" )
msc_dra_add_param( "MODEL TOLERANCE", "0.40000001" )
msc_dra_add_param( "OBJECTIVE FUNCTION", "ON" )
msc_dra_add_param( "DESIGN CONSTRAINTS", "ON" )
msc_dra_add_param( "DESIGN VARIABLES", "ON" )
msc_dra_add_param( "COMBINE RESULTCASES", "ON" )
msc_dra_add_param( "ROTATIONAL NODAL RESULTS", "ON" )
msc_dra_add_param( "STRESS/STRAIN INVARIANTS", "OFF" )
msc_dra_add_param( "PRINCIPAL DIRECTIONS", "OFF" )
msc_dra_add_param( "CREATE P-ORDER FIELD", "" )
msc_dra_add_param( "ELEMENT RESULTS POSITIONS", "Both        " )
msc_dra_add_param( "NASTRAN VERSION", "" )
msc_dra_add_param( "TITLE DESCRIPTION", "ON" )
msc_dra_finish_stream(  )
analysis_import( "MSC.Nastran", "case4", "Attach HDF5 Results File",  @
"./case4.h5", TRUE )
$# Attaching Direct Results Access file: "./case4.h5"
$# *** Begin: Attach Result File ***
$# Processing result load case: SC1:DEFAULT
$# Processing result sub-case: Static subcase
$# Total execution time in real seconds:        0.000
$# Total execution time in CPU  seconds:        0.015
$# *** End:   Attach Result File ***
ga_view_aa_set( 0., 0., 0. )
uil_toolbar.wireframe(  )
ga_view_aa_set( -67., 0., -34. )
ga_view_aa_set( 0., 0., 0. )
res_data_load_dbresult( 0, "Element", "Tensor", "SC1:DEFAULT",  @
"A1:Static subcase", "Stress Tensor", "", "Layer 1", "", "AsIs",  @
"DeriveAverage", "All", "ShapeFunc", "", 0. )
res_display_report_create( "", "Elements", 1, ["EL:Elm 4786"], 19, [ @
"ReportType:Full", "ReportTitle:$PRODUCT - Analysis Code: $CODE_NAME ",  @
"ReportTitle:Load Case: $LC_NAME, $SC_NAME ",  @
"ReportTitle:Result $PRES_NAME, $SRES_NAME - Layer $LYR_NAME ",  @
"ReportTitle:Entity: Element Tensor", "ReportHeader:Page $PAGE",  @
"ReportFooter:$DATE", "ReportPage:Height=52,Width=128,TopMargin=5,LeftMarg" // @
"in=8,BottomMargin=5", "ReportPagination:OFF", "ReportPageNumber:1",  @
"ReportPageAlignment:Center", "ReportTColumn:1,Entity ID,ID,%I6%",  @
"ReportTColumn:2,El. Pos. ID,EPID,%I6%",  @
"ReportTColumn:3,Max Shear,MXSHR,%F12.6%", "EntitySort:LoadCase",  @
"ValueSort:1,Ascending,Algebraic", "ColumnHeaders:ON", "Filter:None",  @
"ScaleFactor:1."] )
res_display_report_write( "", 0, "Tensor", "Element", "Overwrite",  @
"max_shear_case_4.rpt" )
$# Session file 
$# C:\Users\User\Desktop\SAA205\ENTREGAS\PROJETO\convergencia_malha\case3\caix
$# ao_15_20_asc.ses.01 started playing (level 1)
uil_file_new.go( "C:\Program Files\MSC.Software\NaPa_SE\20211\Patran/templ" // @
"ate.db", "C:\Users\User\Desktop\SAA205\ENTREGAS\PROJETO\convergencia_malh" // @
"a\case3" )
$# Question from application FILE
$#     A database is already open.
$# Do you want to create a new database 
$# C:\Users\User\Desktop\SAA205\ENTREGAS\PROJETO\convergencia_malha\case3.db 
$# anyway ?
$? YES 36000037 
$# Flushing the User Data Manager
$# Journal file stopped recording at 24-Nov-21 20:26:12
